@@ -1,6 +1,18 @@
      <DocumentFragment>
    +   <header
    +     id="header"
    +   >
    +     <h1>
    +       NoKey NoShade
    +     </h1>
    +     <a
    +       href="/"
    +     >
    +       Home
    +     </a>
    +   </header>
        <button
          disabled=""
        >
          BACK
        </button>
